[2026-06-13T20:25:36-04:00] host=holy7c04107.rc.fas.harvard.edu wt=/n/holylabs/LABS/junweil_lab/Lab/Users/junweil/Projects/Stat-Lean.worktrees/mt-bh target=StatLean.MultipleTesting.BenjaminiHochberg cpus=8 mem=24G
--- git status ---
00f20fd4e4f4da6d7d9dcc325900b4190f227633
?? slurm-logs/
--- lake env ---
leanprover/lean4:v4.29.1 (overridden by '/n/holylabs/junweil_lab/Lab/Users/junweil/Projects/Stat-Lean.worktrees/mt-bh/lean-toolchain')
Lean (version 4.29.1, x86_64-unknown-linux-gnu, commit f72c35b3f637c8c6571d353742168ab66cc22c00, Release)
Lean (version 4.29.1, x86_64-unknown-linux-gnu, commit f72c35b3f637c8c6571d353742168ab66cc22c00, Release)
Lake version 5.0.0-src+f72c35b (Lean version 4.29.1)
--- lake build StatLean.MultipleTesting.BenjaminiHochberg ---
✖ [2599/2599] Building StatLean.MultipleTesting.BenjaminiHochberg (15s)
trace: .> LEAN_PATH=/n/holylabs/junweil_lab/Lab/Users/junweil/Projects/Stat-Lean.worktrees/mt-bh/.lake/packages/Cli/.lake/build/lib/lean:/n/holylabs/junweil_lab/Lab/Users/junweil/Projects/Stat-Lean.worktrees/mt-bh/.lake/packages/batteries/.lake/build/lib/lean:/n/holylabs/junweil_lab/Lab/Users/junweil/Projects/Stat-Lean.worktrees/mt-bh/.lake/packages/Qq/.lake/build/lib/lean:/n/holylabs/junweil_lab/Lab/Users/junweil/Projects/Stat-Lean.worktrees/mt-bh/.lake/packages/aesop/.lake/build/lib/lean:/n/holylabs/junweil_lab/Lab/Users/junweil/Projects/Stat-Lean.worktrees/mt-bh/.lake/packages/proofwidgets/.lake/build/lib/lean:/n/holylabs/junweil_lab/Lab/Users/junweil/Projects/Stat-Lean.worktrees/mt-bh/.lake/packages/importGraph/.lake/build/lib/lean:/n/holylabs/junweil_lab/Lab/Users/junweil/Projects/Stat-Lean.worktrees/mt-bh/.lake/packages/LeanSearchClient/.lake/build/lib/lean:/n/holylabs/junweil_lab/Lab/Users/junweil/Projects/Stat-Lean.worktrees/mt-bh/.lake/packages/plausible/.lake/build/lib/lean:/n/holylabs/junweil_lab/Lab/Users/junweil/lake-shared/mathlib/5e932f97dd25535344f80f9dd8da3aab83df0fe6/.lake/build/lib/lean:/n/holylabs/junweil_lab/Lab/Users/junweil/Projects/Stat-Lean.worktrees/mt-bh/.lake/build/lib/lean /n/holylabs/junweil_lab/Lab/Users/junweil/elan/toolchains/leanprover--lean4---v4.29.1/bin/lean /n/holylabs/junweil_lab/Lab/Users/junweil/Projects/Stat-Lean.worktrees/mt-bh/StatLean/MultipleTesting/BenjaminiHochberg.lean -o /n/holylabs/junweil_lab/Lab/Users/junweil/Projects/Stat-Lean.worktrees/mt-bh/.lake/build/lib/lean/StatLean/MultipleTesting/BenjaminiHochberg.olean -i /n/holylabs/junweil_lab/Lab/Users/junweil/Projects/Stat-Lean.worktrees/mt-bh/.lake/build/lib/lean/StatLean/MultipleTesting/BenjaminiHochberg.ilean -c /n/holylabs/junweil_lab/Lab/Users/junweil/Projects/Stat-Lean.worktrees/mt-bh/.lake/build/ir/StatLean/MultipleTesting/BenjaminiHochberg.c --setup /n/holylabs/junweil_lab/Lab/Users/junweil/Projects/Stat-Lean.worktrees/mt-bh/.lake/build/ir/StatLean/MultipleTesting/BenjaminiHochberg.setup.json --json
warning: StatLean/MultipleTesting/BenjaminiHochberg.lean:103:2: `push_neg` has been deprecated. Prefer using `push Not` instead.
If you'd rather continue using `push_neg` in your project, you can implement it as follows:
```
open Lean.Parser.Tactic in
macro "push_neg" cfg:optConfig loc:(location)? : tactic =>
  `(tactic| push $cfg:optConfig Not $[$loc]?)
```
warning: StatLean/MultipleTesting/BenjaminiHochberg.lean:136:2: `push_neg` has been deprecated. Prefer using `push Not` instead.
If you'd rather continue using `push_neg` in your project, you can implement it as follows:
```
open Lean.Parser.Tactic in
macro "push_neg" cfg:optConfig loc:(location)? : tactic =>
  `(tactic| push $cfg:optConfig Not $[$loc]?)
```
warning: StatLean/MultipleTesting/BenjaminiHochberg.lean:154:34: This simp argument is unused:
  Pi.zero_apply

Hint: Omit it from the simp argument list.
  simp [Function.update_self, P̵i̵.̵z̵e̵r̵o̵_̵a̵p̵p̵l̵y̵,̵ ̵hpos]

Note: This linter can be disabled with `set_option linter.unusedSimpArgs false`
warning: StatLean/MultipleTesting/BenjaminiHochberg.lean:177:4: `push_neg` has been deprecated. Prefer using `push Not` instead.
If you'd rather continue using `push_neg` in your project, you can implement it as follows:
```
open Lean.Parser.Tactic in
macro "push_neg" cfg:optConfig loc:(location)? : tactic =>
  `(tactic| push $cfg:optConfig Not $[$loc]?)
```
error: StatLean/MultipleTesting/BenjaminiHochberg.lean:200:45: failed to synthesize instance of type class
  MulLeftStrictMono ℝ

Hint: Type class instance resolution failures can be inspected with the `set_option trace.Meta.synthInstance true` command.
warning: StatLean/MultipleTesting/BenjaminiHochberg.lean:247:41: unused variable `hN`

Note: This linter can be disabled with `set_option linter.unusedVariables false`
warning: StatLean/MultipleTesting/BenjaminiHochberg.lean:286:4: `push_neg` has been deprecated. Prefer using `push Not` instead.
If you'd rather continue using `push_neg` in your project, you can implement it as follows:
```
open Lean.Parser.Tactic in
macro "push_neg" cfg:optConfig loc:(location)? : tactic =>
  `(tactic| push $cfg:optConfig Not $[$loc]?)
```
warning: StatLean/MultipleTesting/BenjaminiHochberg.lean:346:53: unused variable `hα`

Note: This linter can be disabled with `set_option linter.unusedVariables false`
error: StatLean/MultipleTesting/BenjaminiHochberg.lean:365:8: Unknown identifier `div_le_one_of_le`
error: StatLean/MultipleTesting/BenjaminiHochberg.lean:366:2: No goals to be solved
warning: StatLean/MultipleTesting/BenjaminiHochberg.lean:370:45: unused variable `hN`

Note: This linter can be disabled with `set_option linter.unusedVariables false`
warning: StatLean/MultipleTesting/BenjaminiHochberg.lean:385:14: declaration uses `sorry`
warning: StatLean/MultipleTesting/BenjaminiHochberg.lean:401:8: declaration uses `sorry`
error: Lean exited with code 1
Some required targets logged failures:
- StatLean.MultipleTesting.BenjaminiHochberg
--- post-build ---
exit_code=1
wallclock_seconds=24
sorry_uses_in_err=0
0
