[2026-06-13T11:20:33-04:00] host=holy7c06302.rc.fas.harvard.edu wt=/n/holylabs/LABS/junweil_lab/Lab/Users/junweil/Projects/Stat-Lean.worktrees/conc-finmax-expectation target=StatLean.ConcentrationInequalities.Maximal.FiniteMaximal cpus=8 mem=24G
--- git status ---
368cec5c123ac8cf396688176f390e939f36e2be
?? slurm-logs/
--- lake env ---
leanprover/lean4:v4.29.1 (overridden by '/n/holylabs/junweil_lab/Lab/Users/junweil/Projects/Stat-Lean.worktrees/conc-finmax-expectation/lean-toolchain')
Lean (version 4.29.1, x86_64-unknown-linux-gnu, commit f72c35b3f637c8c6571d353742168ab66cc22c00, Release)
Lean (version 4.29.1, x86_64-unknown-linux-gnu, commit f72c35b3f637c8c6571d353742168ab66cc22c00, Release)
Lake version 5.0.0-src+f72c35b (Lean version 4.29.1)
--- lake build StatLean.ConcentrationInequalities.Maximal.FiniteMaximal ---
✔ [2852/2854] Built StatLean.ConcentrationInequalities.SubGaussian.Defs (76s)
✔ [2853/2854] Built StatLean.ConcentrationInequalities.SubGaussian.TailBounds (12s)
✖ [2854/2854] Building StatLean.ConcentrationInequalities.Maximal.FiniteMaximal (9.8s)
trace: .> LEAN_PATH=/n/holylabs/junweil_lab/Lab/Users/junweil/Projects/Stat-Lean.worktrees/conc-finmax-expectation/.lake/packages/Cli/.lake/build/lib/lean:/n/holylabs/junweil_lab/Lab/Users/junweil/Projects/Stat-Lean.worktrees/conc-finmax-expectation/.lake/packages/batteries/.lake/build/lib/lean:/n/holylabs/junweil_lab/Lab/Users/junweil/Projects/Stat-Lean.worktrees/conc-finmax-expectation/.lake/packages/Qq/.lake/build/lib/lean:/n/holylabs/junweil_lab/Lab/Users/junweil/Projects/Stat-Lean.worktrees/conc-finmax-expectation/.lake/packages/aesop/.lake/build/lib/lean:/n/holylabs/junweil_lab/Lab/Users/junweil/Projects/Stat-Lean.worktrees/conc-finmax-expectation/.lake/packages/proofwidgets/.lake/build/lib/lean:/n/holylabs/junweil_lab/Lab/Users/junweil/Projects/Stat-Lean.worktrees/conc-finmax-expectation/.lake/packages/importGraph/.lake/build/lib/lean:/n/holylabs/junweil_lab/Lab/Users/junweil/Projects/Stat-Lean.worktrees/conc-finmax-expectation/.lake/packages/LeanSearchClient/.lake/build/lib/lean:/n/holylabs/junweil_lab/Lab/Users/junweil/Projects/Stat-Lean.worktrees/conc-finmax-expectation/.lake/packages/plausible/.lake/build/lib/lean:/n/holylabs/junweil_lab/Lab/Users/junweil/lake-shared/mathlib/5e932f97dd25535344f80f9dd8da3aab83df0fe6/.lake/build/lib/lean:/n/holylabs/junweil_lab/Lab/Users/junweil/Projects/Stat-Lean.worktrees/conc-finmax-expectation/.lake/build/lib/lean /n/holylabs/junweil_lab/Lab/Users/junweil/elan/toolchains/leanprover--lean4---v4.29.1/bin/lean /n/holylabs/junweil_lab/Lab/Users/junweil/Projects/Stat-Lean.worktrees/conc-finmax-expectation/StatLean/ConcentrationInequalities/Maximal/FiniteMaximal.lean -o /n/holylabs/junweil_lab/Lab/Users/junweil/Projects/Stat-Lean.worktrees/conc-finmax-expectation/.lake/build/lib/lean/StatLean/ConcentrationInequalities/Maximal/FiniteMaximal.olean -i /n/holylabs/junweil_lab/Lab/Users/junweil/Projects/Stat-Lean.worktrees/conc-finmax-expectation/.lake/build/lib/lean/StatLean/ConcentrationInequalities/Maximal/FiniteMaximal.ilean -c /n/holylabs/junweil_lab/Lab/Users/junweil/Projects/Stat-Lean.worktrees/conc-finmax-expectation/.lake/build/ir/StatLean/ConcentrationInequalities/Maximal/FiniteMaximal.c --setup /n/holylabs/junweil_lab/Lab/Users/junweil/Projects/Stat-Lean.worktrees/conc-finmax-expectation/.lake/build/ir/StatLean/ConcentrationInequalities/Maximal/FiniteMaximal.setup.json --json
error: StatLean/ConcentrationInequalities/Maximal/FiniteMaximal.lean:112:11: Function expected at
  Finset.single_le_sum (fun k x ↦ ?m.174) ?m.177
but this term has type
  ?m.163 ?m.176 ≤ ∑ x ∈ ?m.164, ?m.163 x

Note: Expected a function because this term is being applied to the argument
  (Finset.mem_univ j)
error: StatLean/ConcentrationInequalities/Maximal/FiniteMaximal.lean:112:44: Type mismatch
  abs_nonneg ?m.173
has type
  @OfNat.ofNat ?m.168 0 (@Zero.toOfNat0 ?m.168 SubtractionMonoid.toSubNegZeroMonoid.toNegZeroClass.toZero) ≤ |?m.173|
but is expected to have type
  @OfNat.ofNat ?m.160 0 (@Zero.toOfNat0 ?m.160 AddCommMonoid.toAddMonoid.toAddZeroClass.toZero) ≤ ?m.163 k
error: StatLean/ConcentrationInequalities/Maximal/FiniteMaximal.lean:132:8: Function expected at
  Finset.single_le_sum (fun j x ↦ LT.lt.le (exp_pos (?m.110 j))) ?m.112
but this term has type
  rexp (?m.110 ?m.111) ≤ ∑ x ∈ ?m.100, rexp (?m.110 x)

Note: Expected a function because this term is being applied to the argument
  (Finset.mem_univ j0)
error: StatLean/ConcentrationInequalities/Maximal/FiniteMaximal.lean:178:37: Type mismatch
  integral_zero
has type
  ∀ (α : Type ?u.3965.2916) (G : Type ?u.3965.2915) [inst : NormedAddCommGroup G] [inst_1 : NormedSpace ℝ G]
    {m : MeasurableSpace α} {μ : Measure α}, ∫ (x : α), 0 ∂μ = 0
but is expected to have type
  ∫ (a : Ω), 0 ∂μ = 0
error: StatLean/ConcentrationInequalities/Maximal/FiniteMaximal.lean:182:9: Unknown identifier `le_or_lt`
error: StatLean/ConcentrationInequalities/Maximal/FiniteMaximal.lean:182:44: Tactic `rcases` failed: `x✝ : ?m.193` is not an inductive datatype
error: Lean exited with code 1
Some required targets logged failures:
- StatLean.ConcentrationInequalities.Maximal.FiniteMaximal
--- post-build ---
exit_code=1
wallclock_seconds=126
sorry_uses_in_err=0
0
