[2026-06-13T19:46:56-04:00] host=holy7c04109.rc.fas.harvard.edu wt=/n/holylabs/LABS/junweil_lab/Lab/Users/junweil/Projects/Stat-Lean.worktrees/mt-bh target=StatLean.MultipleTesting.BenjaminiHochberg cpus=8 mem=24G
--- git status ---
51ade16306e27aefa2e09c6b4ec5794cfc303738
?? slurm-logs/
--- lake env ---
Lean (version 4.29.1, x86_64-unknown-linux-gnu, commit f72c35b3f637c8c6571d353742168ab66cc22c00, Release)
Lake version 5.0.0-src+f72c35b (Lean version 4.29.1)
--- lake build StatLean.MultipleTesting.BenjaminiHochberg ---
✔ [2597/2599] Built StatLean.MultipleTesting.PValues.Defs (13s)
✔ [2598/2599] Built StatLean.MultipleTesting.FDP.Defs (14s)
✖ [2599/2599] Building StatLean.MultipleTesting.BenjaminiHochberg (8.5s)
trace: .> LEAN_PATH=/n/holylabs/junweil_lab/Lab/Users/junweil/Projects/Stat-Lean.worktrees/mt-bh/.lake/packages/Cli/.lake/build/lib/lean:/n/holylabs/junweil_lab/Lab/Users/junweil/Projects/Stat-Lean.worktrees/mt-bh/.lake/packages/batteries/.lake/build/lib/lean:/n/holylabs/junweil_lab/Lab/Users/junweil/Projects/Stat-Lean.worktrees/mt-bh/.lake/packages/Qq/.lake/build/lib/lean:/n/holylabs/junweil_lab/Lab/Users/junweil/Projects/Stat-Lean.worktrees/mt-bh/.lake/packages/aesop/.lake/build/lib/lean:/n/holylabs/junweil_lab/Lab/Users/junweil/Projects/Stat-Lean.worktrees/mt-bh/.lake/packages/proofwidgets/.lake/build/lib/lean:/n/holylabs/junweil_lab/Lab/Users/junweil/Projects/Stat-Lean.worktrees/mt-bh/.lake/packages/importGraph/.lake/build/lib/lean:/n/holylabs/junweil_lab/Lab/Users/junweil/Projects/Stat-Lean.worktrees/mt-bh/.lake/packages/LeanSearchClient/.lake/build/lib/lean:/n/holylabs/junweil_lab/Lab/Users/junweil/Projects/Stat-Lean.worktrees/mt-bh/.lake/packages/plausible/.lake/build/lib/lean:/n/holylabs/junweil_lab/Lab/Users/junweil/lake-shared/mathlib/5e932f97dd25535344f80f9dd8da3aab83df0fe6/.lake/build/lib/lean:/n/holylabs/junweil_lab/Lab/Users/junweil/Projects/Stat-Lean.worktrees/mt-bh/.lake/build/lib/lean /n/holylabs/junweil_lab/Lab/Users/junweil/elan/toolchains/leanprover--lean4---v4.29.1/bin/lean /n/holylabs/junweil_lab/Lab/Users/junweil/Projects/Stat-Lean.worktrees/mt-bh/StatLean/MultipleTesting/BenjaminiHochberg.lean -o /n/holylabs/junweil_lab/Lab/Users/junweil/Projects/Stat-Lean.worktrees/mt-bh/.lake/build/lib/lean/StatLean/MultipleTesting/BenjaminiHochberg.olean -i /n/holylabs/junweil_lab/Lab/Users/junweil/Projects/Stat-Lean.worktrees/mt-bh/.lake/build/lib/lean/StatLean/MultipleTesting/BenjaminiHochberg.ilean -c /n/holylabs/junweil_lab/Lab/Users/junweil/Projects/Stat-Lean.worktrees/mt-bh/.lake/build/ir/StatLean/MultipleTesting/BenjaminiHochberg.c --setup /n/holylabs/junweil_lab/Lab/Users/junweil/Projects/Stat-Lean.worktrees/mt-bh/.lake/build/ir/StatLean/MultipleTesting/BenjaminiHochberg.setup.json --json
error: StatLean/MultipleTesting/BenjaminiHochberg.lean:48:12: failed to compile definition, consider marking it as 'noncomputable' because it depends on 'Real.decidableLE', which is 'noncomputable'
error: StatLean/MultipleTesting/BenjaminiHochberg.lean:52:12: failed to compile definition, consider marking it as 'noncomputable' because it depends on 'bhCount', which is 'noncomputable'
error: StatLean/MultipleTesting/BenjaminiHochberg.lean:67:2: omega could not prove the goal:
a possible counterexample may satisfy the constraints
  d ≥ 0
  c ≥ 0
  b ≥ 0
  b - c ≤ 0
  a ≥ 0
  a - b ≥ 0
  a - d ≤ -1
where
 a := ↑N
 b := ↑m
 c := ↑(bhCount α p m ω)
 d := ↑(id m)
error: StatLean/MultipleTesting/BenjaminiHochberg.lean:86:27: unsolved goals
Ω : Type u_1
N : ℕ
α : ℝ
p : Fin N → Ω → ℝ
ω : Ω
S : Finset ℕ := {m ∈ Finset.range (N + 1) | m ≤ bhCount α p m ω}
h : S = ∅
hK : 0 < ⊥
⊢ False
warning: StatLean/MultipleTesting/BenjaminiHochberg.lean:103:2: `push_neg` has been deprecated. Prefer using `push Not` instead.
If you'd rather continue using `push_neg` in your project, you can implement it as follows:
```
open Lean.Parser.Tactic in
macro "push_neg" cfg:optConfig loc:(location)? : tactic =>
  `(tactic| push $cfg:optConfig Not $[$loc]?)
```
error: StatLean/MultipleTesting/BenjaminiHochberg.lean:108:4: Type mismatch
  Finset.le_sup hmem
has type
  ?m.70 m ≤ {k ∈ Finset.range (N + 1) | k ≤ bhCount α p k ω}.sup ?m.70
but is expected to have type
  m ≤ {k ∈ Finset.range (N + 1) | k ≤ bhCount α p k ω}.sup id
warning: StatLean/MultipleTesting/BenjaminiHochberg.lean:136:2: `push_neg` has been deprecated. Prefer using `push Not` instead.
If you'd rather continue using `push_neg` in your project, you can implement it as follows:
```
open Lean.Parser.Tactic in
macro "push_neg" cfg:optConfig loc:(location)? : tactic =>
  `(tactic| push $cfg:optConfig Not $[$loc]?)
```
error: StatLean/MultipleTesting/BenjaminiHochberg.lean:156:21: Tactic `rfl` failed: Expected the goal to be a binary relation

Hint: Reflexivity tactics can only be used on goals of the form `x ~ x` or `R x x`

case pos.mp.h
Ω : Type u_1
N : ℕ
α : ℝ
hα : 0 < α
p : Fin N → Ω → ℝ
m : ℕ
ω : Ω
hpos : 0 ≤ ↑m * α / ↑N
j : Fin N
hm : ↑m * α / ↑N < p j ω
hi_not_mem : j ∉ {j | p j ω ≤ ↑m * α / ↑N}
a✝ : 0 ω ≤ ↑m * α / ↑N
⊢ True
error: StatLean/MultipleTesting/BenjaminiHochberg.lean:158:4: unsolved goals
case neg
Ω : Type u_1
N : ℕ
α : ℝ
hα : 0 < α
p : Fin N → Ω → ℝ
i : Fin N
m : ℕ
ω : Ω
hm : ↑m * α / ↑N < p i ω
hpos : 0 ≤ ↑m * α / ↑N
hi_not_mem : i ∉ {j | p j ω ≤ ↑m * α / ↑N}
j : Fin N
hji : ¬j = i
⊢ p j ω ≤ ↑m * α / ↑N ↔ j = i ∨ p j ω ≤ ↑m * α / ↑N
error: StatLean/MultipleTesting/BenjaminiHochberg.lean:159:15: Unknown constant `Finset.card_insert_of_not_mem`
error: StatLean/MultipleTesting/BenjaminiHochberg.lean:135:77: unsolved goals
Ω : Type u_1
N : ℕ
α : ℝ
hα : 0 < α
p : Fin N → Ω → ℝ
i : Fin N
m : ℕ
ω : Ω
hm : ↑m * α / ↑N < p i ω
hpos : 0 ≤ ↑m * α / ↑N
hi_not_mem : i ∉ {j | p j ω ≤ ↑m * α / ↑N}
hset_eq : {j | Function.update p i 0 j ω ≤ ↑m * α / ↑N} = insert i {j | p j ω ≤ ↑m * α / ↑N}
⊢ (insert i {j | p j ω ≤ ↑m * α / ↑N}).card = {j | p j ω ≤ ↑m * α / ↑N}.card + 1
warning: StatLean/MultipleTesting/BenjaminiHochberg.lean:158:44: This simp argument is unused:
  or_iff_right (Ne.symm hji)

Hint: Omit it from the simp argument list.
  simp only [Function.update_of_ne hji,̵ ̵o̵r̵_̵i̵f̵f̵_̵r̵i̵g̵h̵t̵ ̵(̵N̵e̵.̵s̵y̵m̵m̵ ̵h̵j̵i̵)̵]

Note: This linter can be disabled with `set_option linter.unusedSimpArgs false`
warning: StatLean/MultipleTesting/BenjaminiHochberg.lean:180:4: `push_neg` has been deprecated. Prefer using `push Not` instead.
If you'd rather continue using `push_neg` in your project, you can implement it as follows:
```
open Lean.Parser.Tactic in
macro "push_neg" cfg:optConfig loc:(location)? : tactic =>
  `(tactic| push $cfg:optConfig Not $[$loc]?)
```
error: StatLean/MultipleTesting/BenjaminiHochberg.lean:190:67: omega could not prove the goal:
a possible counterexample may satisfy the constraints
  d ≥ 0
  c ≥ 0
  b ≥ 0
  b - c ≥ 1
  a ≥ 0
  a - d ≤ -1
where
 a := ↑(bhKmax α p ω)
 b := ↑N
 c := ↑(bhCount α p m ω)
 d := ↑(id m)
error: StatLean/MultipleTesting/BenjaminiHochberg.lean:207:44: Application type mismatch: The argument
  le_rfl
has type
  ?m.320 ≤ ?m.320
but is expected to have type
  Finset.sup ?m.314 (List.foldr (fun x1 x2 ↦ max x1 x2) ⊥) ≤ bhKmax α (Function.update p i 0) ω
in the application
  le_trans (Finset.le_sup ?m.317) le_rfl
warning: StatLean/MultipleTesting/BenjaminiHochberg.lean:236:41: unused variable `hN`

Note: This linter can be disabled with `set_option linter.unusedVariables false`
error: StatLean/MultipleTesting/BenjaminiHochberg.lean:256:44: Application type mismatch: The argument
  Finset.univ
has type
  Finset ?m.77
but is expected to have type
  Fin N → Prop
in the application
  @Finset.sum_boole (Fin N) ℕ ?m.76 Finset.univ
error: StatLean/MultipleTesting/BenjaminiHochberg.lean:254:80: unsolved goals
case h
Ω : Type u_1
mΩ : MeasurableSpace Ω
N : ℕ
α : ℝ
p : Fin N → Ω → ℝ
hmeas : ∀ (j : Fin N), Measurable (p j)
m : ℕ
ω : Ω
⊢ {j | p j ω ≤ ↑m * α / ↑N}.card = ∑ j, if p j ω ≤ ↑m * α / ↑N then 1 else 0
error: StatLean/MultipleTesting/BenjaminiHochberg.lean:270:65: Application type mismatch: The argument
  hle
has type
  bhKmax α p ω ≤ k
but is expected to have type
  ?m.40 ≤ m
in the application
  Nat.lt_of_lt_of_le ?m.44 hle
warning: StatLean/MultipleTesting/BenjaminiHochberg.lean:277:4: `push_neg` has been deprecated. Prefer using `push Not` instead.
If you'd rather continue using `push_neg` in your project, you can implement it as follows:
```
open Lean.Parser.Tactic in
macro "push_neg" cfg:optConfig loc:(location)? : tactic =>
  `(tactic| push $cfg:optConfig Not $[$loc]?)
```
warning: StatLean/MultipleTesting/BenjaminiHochberg.lean:275:52: This simp argument is unused:
  id

Hint: Omit it from the simp argument list.
  simp only [Finset.mem_filter, Finset.mem_range,̵ ̵i̵d̵] at hm

Note: This linter can be disabled with `set_option linter.unusedSimpArgs false`
error: StatLean/MultipleTesting/BenjaminiHochberg.lean:290:6: Type mismatch
  bhKmax_le_iff α p ω
has type
  bhKmax α p ω ≤ ?m.64 ↔ ∀ m ∈ Finset.Ioc ?m.64 N, bhCount α p m ω < m
but is expected to have type
  bhKmax α p ω ≤ k ↔ ∀ (i : ℕ), k < i ∧ i ≤ N → bhCount α p i ω < i
error: StatLean/MultipleTesting/BenjaminiHochberg.lean:295:6: Tactic `rewrite` failed: Did not find an occurrence of the pattern
  {ω | bhKmax α p ω = k}
in the target expression
  MeasurableSet ((fun ω ↦ bhKmax α p ω) ⁻¹' {k})

case h
Ω : Type u_1
mΩ : MeasurableSpace Ω
N : ℕ
α : ℝ
p : Fin N → Ω → ℝ
hmeas : ∀ (j : Fin N), Measurable (p j)
hmeas_le : ∀ (k : ℕ), MeasurableSet {ω | bhKmax α p ω ≤ k}
k : ℕ
⊢ MeasurableSet ((fun ω ↦ bhKmax α p ω) ⁻¹' {k})
error: StatLean/MultipleTesting/BenjaminiHochberg.lean:312:61: Invalid field `mul_const`: The environment does not contain `Function.mul_const`, so it is not possible to project the field `mul_const` from an expression
  ?m.38 ∘ ?m.43
of type `?m.34 → ?m.36`
error: StatLean/MultipleTesting/BenjaminiHochberg.lean:312:30: Application type mismatch: The argument
  measurable_bhKmax α p hmeas
has type
  Measurable fun ω ↦ bhKmax α p ω
but is expected to have type
  ?m.34 → ?m.35
in the application
  ?m.38 ∘ ⋯
error: StatLean/MultipleTesting/BenjaminiHochberg.lean:322:44: Application type mismatch: The argument
  Finset.univ
has type
  Finset ?m.61
but is expected to have type
  Fin N → Prop
in the application
  @Finset.sum_boole (Fin N) ℕ ?m.60 Finset.univ
error: StatLean/MultipleTesting/BenjaminiHochberg.lean:320:70: unsolved goals
case h
Ω : Type u_1
mΩ : MeasurableSpace Ω
N : ℕ
α : ℝ
p : Fin N → Ω → ℝ
hmeas : ∀ (j : Fin N), Measurable (p j)
ω : Ω
⊢ (bhRejects α p ω).card = ∑ j, if j ∈ bhRejects α p ω then 1 else 0
error: StatLean/MultipleTesting/BenjaminiHochberg.lean:340:56: Invalid field `max`: The environment does not contain `Function.max`, so it is not possible to project the field `max` from an expression
  ?m.80 ∘ ?m.85
of type `?m.76 → ?m.78`
error: StatLean/MultipleTesting/BenjaminiHochberg.lean:340:8: Application type mismatch: The argument
  measurable_numRejections_bhRejects α p hmeas
has type
  Measurable fun ω ↦ numRejections (bhRejects α p) ω
but is expected to have type
  ?m.76 → ?m.77
in the application
  ?m.80 ∘ ⋯
error: StatLean/MultipleTesting/BenjaminiHochberg.lean:346:13: Unknown constant `Real.norm_one`
error: StatLean/MultipleTesting/BenjaminiHochberg.lean:346:2: `simp` made no progress
error: StatLean/MultipleTesting/BenjaminiHochberg.lean:361:25: failed to synthesize instance of type class
  NormedAddCommGroup ℕ

Hint: Type class instance resolution failures can be inspected with the `set_option trace.Meta.synthInstance true` command.
error: StatLean/MultipleTesting/BenjaminiHochberg.lean:361:8: failed to synthesize instance of type class
  NormedAddCommGroup ℕ

Hint: Type class instance resolution failures can be inspected with the `set_option trace.Meta.synthInstance true` command.
error: StatLean/MultipleTesting/BenjaminiHochberg.lean:363:38: Application type mismatch: The argument
  bh_summand_le_one α p i
has type
  ∀ (ω : Ω), ‖(if i ∈ bhRejects α p ω then 1 else 0) / max (↑(numRejections (bhRejects α p) ω)) 1‖ ≤ ‖(1 : ℝ)‖
but is expected to have type
  ∀ (x : Ω), ‖(if i ∈ bhRejects α p x then 1 else 0) / max (↑(numRejections (bhRejects α p) x)) 1‖ ≤ ‖(1 : ℕ)‖
in the application
  Filter.Eventually.of_forall (bh_summand_le_one α p i)
error: StatLean/MultipleTesting/BenjaminiHochberg.lean:359:58: unsolved goals
Ω : Type u_1
mΩ : MeasurableSpace Ω
N : ℕ
hN : 0 < N
α : ℝ
hα : 0 < α
μ : Measure Ω
inst✝ : IsProbabilityMeasure μ
p : Fin N → Ω → ℝ
hmeas : ∀ (j : Fin N), Measurable (p j)
i : Fin N
⊢ NormedAddCommGroup ℕ
warning: StatLean/MultipleTesting/BenjaminiHochberg.lean:370:14: declaration uses `sorry`
warning: StatLean/MultipleTesting/BenjaminiHochberg.lean:386:8: declaration uses `sorry`
error: Lean exited with code 1
Some required targets logged failures:
- StatLean.MultipleTesting.BenjaminiHochberg
--- post-build ---
exit_code=1
wallclock_seconds=29
sorry_uses_in_err=0
0
