=== Build started at Sat Jun 13 16:17:29 EDT 2026 ===
Target: StatLean.MultipleTesting.Knockoff.Supermartingale
LAKE_SHARED: /n/holylabs/LABS/junweil_lab/Lab/Users/junweil/lake-shared/mathlib/5e932f97dd25535344f80f9dd8da3aab83df0fe6
Branch: mt/ko-super
Commit: b45190a

⚠ [2440/2547] Replayed StatLean.MultipleTesting.ForMathlib.BinomialRatio
warning: StatLean/MultipleTesting/ForMathlib/BinomialRatio.lean:22:8: declaration uses `sorry`
⚠ [2520/2547] Replayed StatLean.MultipleTesting.Knockoff.Initial
warning: StatLean/MultipleTesting/Knockoff/Initial.lean:23:8: declaration uses `sorry`
⚠ [2547/2547] Built StatLean.MultipleTesting.Knockoff.Supermartingale (63s)
warning: StatLean/MultipleTesting/Knockoff/Supermartingale.lean:73:0: automatically included section variable(s) unused in theorem `StatLean.MultipleTesting.Yproc_zero_eq`:
  mΩ
consider restructuring your `variable` declarations so that the variables are not in scope or explicitly omit them:
  omit mΩ in theorem ...

Note: This linter can be disabled with `set_option linter.unusedSectionVars false`
warning: StatLean/MultipleTesting/Knockoff/Supermartingale.lean:83:6: The `show` tactic should only be used to indicate intermediate goal states for readability.
However, this tactic invocation changed the goal. Please use `change` instead for these purposes.

Note: This linter can be disabled with `set_option linter.style.show false`
warning: StatLean/MultipleTesting/Knockoff/Supermartingale.lean:117:18: declaration uses `sorry`
warning: StatLean/MultipleTesting/Knockoff/Supermartingale.lean:123:6: declaration uses `sorry`
warning: StatLean/MultipleTesting/Knockoff/Supermartingale.lean:130:6: declaration uses `sorry`
warning: StatLean/MultipleTesting/Knockoff/Supermartingale.lean:143:6: declaration uses `sorry`
warning: StatLean/MultipleTesting/Knockoff/Supermartingale.lean:164:18: declaration uses `sorry`
warning: StatLean/MultipleTesting/Knockoff/Supermartingale.lean:170:6: declaration uses `sorry`
warning: StatLean/MultipleTesting/Knockoff/Supermartingale.lean:176:6: declaration uses `sorry`
warning: StatLean/MultipleTesting/Knockoff/Supermartingale.lean:186:6: declaration uses `sorry`
Build completed successfully (2547 jobs).

=== Build finished at Sat Jun 13 16:18:39 EDT 2026, exit=0 ===
--- Sorry inventory ---
(none)
